// Jest Snapshot v1, https://goo.gl/fbAQLP

exports[`renders correctly 1`] = `
<div
  className="hello-world"
>
  Hello World!!!!! (from the full lifecycle component)
  <img
    alt="logo"
    className="logo-img"
    src="react-logo.png"
  />
</div>
`;
